// Jest Snapshot v1, https://goo.gl/fbAQLP

exports[`<SectionContainer /> should render SectionContainer correctly 1`] = `
.c0 {
  max-width: 120rem;
  margin: 0 auto;
  padding: 4.0rem;
  width: 100%;
}

<div
  class="c0"
>
  <h1>
    Teste
  </h1>
</div>
`;
