// Jest Snapshot v1, https://goo.gl/fbAQLP

exports[`<NavLinks /> should match snapshot 1`] = `
.c0 {
  display: flex;
  flex-flow: row wrap;
}

.c1 {
  display: block;
  text-decoration: none;
  font-size: 1.6rem;
  padding: 0.8rem;
  color: #0A1128;
  position: relative;
}

.c1::after {
  content: '';
  position: absolute;
  bottom: 0.75rem;
  left: 50%;
  width: 0;
  height: 0.2rem;
  background: #dc143c;
  transition: all 300ms ease-in-out;
}

.c1:hover::after {
  left: 25%;
  width: 50%;
}

@media (max-width: 768px) {
  .c0 {
    flex-flow: column wrap;
    align-content: center;
  }
}

<nav
  aria-label="Main menu"
  class="c0"
>
  <a
    class="c1"
    href="target 1"
    target="_self"
  >
    link 1
  </a>
  <a
    class="c1"
    href="target 2"
    target="_self"
  >
    link 2
  </a>
  <a
    class="c1"
    href="target 3"
    target="_self"
  >
    link 3
  </a>
  <a
    class="c1"
    href="target 4"
    target="_self"
  >
    link 4
  </a>
  <a
    class="c1"
    href="target 5"
    target="_self"
  >
    link 5
  </a>
  <a
    class="c1"
    href="target 6"
    target="_self"
  >
    link 6
  </a>
  <a
    class="c1"
    href="target 7"
    target="_self"
  >
    link 7
  </a>
  <a
    class="c1"
    href="target 8"
    target="_self"
  >
    link 8
  </a>
  <a
    class="c1"
    href="target 9"
    target="_self"
  >
    link 9
  </a>
  <a
    class="c1"
    href="target 10"
    target="_self"
  >
    link 10
  </a>
</nav>
`;
