// Jest Snapshot v1, https://goo.gl/fbAQLP

exports[`<LogoLink /> should match snapshot 1`] = `
.c1 {
  display: flex;
  align-items: center;
  text-decoration: none;
  color: inherit;
}

.c1 >img {
  height: 2rem;
}

.c0 {
  color: #0A1128;
  font-size: 1.6rem;
  text-transform: uppercase;
}

<h1
  class="c0"
>
  <a
    class="c1"
    href="#target"
  >
    <img
      alt="Logo"
      src="img1/img.png"
    />
  </a>
</h1>
`;
