// Jest Snapshot v1, https://goo.gl/fbAQLP

exports[`<GridTwoColumns /> should render GridTwoColumns correctly and match snapshot 1`] = `
.c0 {
  background: #FFFFFF;
  color: #0A1128;
  min-height: 100vh;
  display: flex;
  align-items: center;
}

.c1 {
  max-width: 120rem;
  margin: 0 auto;
  padding: 4.0rem;
  width: 100%;
}

.c5 {
  color: #0A1128;
  font-size: 3.2rem;
  text-transform: uppercase;
}

.c6 {
  font-size: 1.6rem;
}

.c2 {
  display: grid;
  grid-template-columns: 1fr 2fr;
  align-items: center;
  gap: 3.2rem;
}

.c2 .c4 {
  margin-bottom: 3.2rem;
}

@media (max-width: 768px) {
  .c2 {
    grid-template-columns: 1fr;
    text-align: center;
  }
}

@media (max-width: 768px) {
  .c3 {
    margin-bottom: 3.2rem;
  }
}

<div>
  <div
    class="c0"
    id="id-4205-856196921886"
  >
    <div
      class="c1"
    >
      <div
        class="c2"
      >
        <div
          class="c3"
        >
          <h2
            class="c4 c5"
          >
            Grid two columns
          </h2>
          <div
            class="c6"
          >
            Lorem ipsum dolor sit amet consectetur adipisicing elit.
    Nisi dicta commodi numquam ad provident ut expedita placeat illum facilis omnis
    necessitatibus doloribus sunt beatae dolorem, maiores eos veritatis!
    Beatae, obcaecati.
          </div>
        </div>
        <div
          class=""
        >
          <img
            alt="Grid two columns"
            class=""
            src="assets/images/backstrapi.svg"
          />
        </div>
      </div>
    </div>
  </div>
</div>
`;
